// Jest Snapshot v1, https://goo.gl/fbAQLP

exports[`TypeWriter component matches the snapshot 1`] = `
<h1
  className=""
  data-testid="typewriter-element"
/>
`;
